Copyright 1986-2022 Xilinx, Inc. All Rights Reserved.
--------------------------------------------------------------------------------------------------------------------------------------------------
| Tool Version : Vivado v.2022.2 (lin64) Build 3671981 Fri Oct 14 04:59:54 MDT 2022
| Date         : Sun Sep 28 12:09:22 2025
| Host         : super-test running 64-bit Ubuntu 20.04.6 LTS
| Command      : report_utilization -hierarchical -hierarchical_depth 7 -file ./report/activation_accelerator_utilization_hierarchical_routed.rpt
| Design       : bd_0_wrapper
| Device       : xck26-sfvc784-2LV-c
| Speed File   : -2LV
| Design State : Routed
--------------------------------------------------------------------------------------------------------------------------------------------------

Utilization Design Information

Table of Contents
-----------------
1. Utilization by Hierarchy

1. Utilization by Hierarchy
---------------------------

+----------------------------------------------------------------------------------+----------------------------------------------------------------------------------------------------------------------------+------------+------------+---------+------+------+--------+--------+------+------------+
|                                     Instance                                     |                                                           Module                                                           | Total LUTs | Logic LUTs | LUTRAMs | SRLs |  FFs | RAMB36 | RAMB18 | URAM | DSP Blocks |
+----------------------------------------------------------------------------------+----------------------------------------------------------------------------------------------------------------------------+------------+------------+---------+------+------+--------+--------+------+------------+
| bd_0_wrapper                                                                     |                                                                                                                      (top) |       7888 |       7017 |       0 |  871 | 8298 |     23 |    100 |    0 |         14 |
|   bd_0_i                                                                         |                                                                                                                       bd_0 |       7888 |       7017 |       0 |  871 | 8298 |     23 |    100 |    0 |         14 |
|     hls_inst                                                                     |                                                                                                            bd_0_hls_inst_0 |       7888 |       7017 |       0 |  871 | 8298 |     23 |    100 |    0 |         14 |
|       (hls_inst)                                                                 |                                                                                                            bd_0_hls_inst_0 |          0 |          0 |       0 |    0 |    0 |      0 |      0 |    0 |          0 |
|       inst                                                                       |                                                                                     bd_0_hls_inst_0_activation_accelerator |       7888 |       7017 |       0 |  871 | 8298 |     23 |    100 |    0 |         14 |
|         (inst)                                                                   |                                                                                     bd_0_hls_inst_0_activation_accelerator |         92 |         90 |       0 |    2 |  633 |      0 |      0 |    0 |          0 |
|         activation_accelerator_ap_uint_ap_uint_512_ap_uint_512_int_int_tile0_1_U |    bd_0_hls_inst_0_activation_accelerator_activation_accelerator_ap_uint_ap_uint_512_ap_uint_512_int_int_tile0_9_RAM_2Pbkb |          0 |          0 |       0 |    0 |    0 |      0 |      1 |    0 |          0 |
|         activation_accelerator_ap_uint_ap_uint_512_ap_uint_512_int_int_tile0_2_U |  bd_0_hls_inst_0_activation_accelerator_activation_accelerator_ap_uint_ap_uint_512_ap_uint_512_int_int_tile0_9_RAM_2Pbkb_0 |          0 |          0 |       0 |    0 |    0 |      0 |      1 |    0 |          0 |
|         activation_accelerator_ap_uint_ap_uint_512_ap_uint_512_int_int_tile0_3_U |  bd_0_hls_inst_0_activation_accelerator_activation_accelerator_ap_uint_ap_uint_512_ap_uint_512_int_int_tile0_9_RAM_2Pbkb_1 |          0 |          0 |       0 |    0 |    0 |      0 |      1 |    0 |          0 |
|         activation_accelerator_ap_uint_ap_uint_512_ap_uint_512_int_int_tile0_4_U |  bd_0_hls_inst_0_activation_accelerator_activation_accelerator_ap_uint_ap_uint_512_ap_uint_512_int_int_tile0_9_RAM_2Pbkb_2 |          0 |          0 |       0 |    0 |    0 |      0 |      1 |    0 |          0 |
|         activation_accelerator_ap_uint_ap_uint_512_ap_uint_512_int_int_tile0_5_U |  bd_0_hls_inst_0_activation_accelerator_activation_accelerator_ap_uint_ap_uint_512_ap_uint_512_int_int_tile0_9_RAM_2Pbkb_3 |          1 |          1 |       0 |    0 |    0 |      0 |      1 |    0 |          0 |
|         activation_accelerator_ap_uint_ap_uint_512_ap_uint_512_int_int_tile0_6_U |  bd_0_hls_inst_0_activation_accelerator_activation_accelerator_ap_uint_ap_uint_512_ap_uint_512_int_int_tile0_9_RAM_2Pbkb_4 |          0 |          0 |       0 |    0 |    0 |      0 |      1 |    0 |          0 |
|         activation_accelerator_ap_uint_ap_uint_512_ap_uint_512_int_int_tile0_7_U |  bd_0_hls_inst_0_activation_accelerator_activation_accelerator_ap_uint_ap_uint_512_ap_uint_512_int_int_tile0_9_RAM_2Pbkb_5 |          0 |          0 |       0 |    0 |    0 |      0 |      1 |    0 |          0 |
|         activation_accelerator_ap_uint_ap_uint_512_ap_uint_512_int_int_tile0_8_U |  bd_0_hls_inst_0_activation_accelerator_activation_accelerator_ap_uint_ap_uint_512_ap_uint_512_int_int_tile0_9_RAM_2Pbkb_6 |          0 |          0 |       0 |    0 |    0 |      0 |      1 |    0 |          0 |
|         activation_accelerator_ap_uint_ap_uint_512_ap_uint_512_int_int_tile0_9_U |  bd_0_hls_inst_0_activation_accelerator_activation_accelerator_ap_uint_ap_uint_512_ap_uint_512_int_int_tile0_9_RAM_2Pbkb_7 |          1 |          1 |       0 |    0 |    0 |      0 |      1 |    0 |          0 |
|         activation_accelerator_ap_uint_ap_uint_512_ap_uint_512_int_int_tile0_U   |  bd_0_hls_inst_0_activation_accelerator_activation_accelerator_ap_uint_ap_uint_512_ap_uint_512_int_int_tile0_9_RAM_2Pbkb_8 |          0 |          0 |       0 |    0 |    0 |      0 |      1 |    0 |          0 |
|         activation_accelerator_ap_uint_ap_uint_512_ap_uint_512_int_int_tile1_1_U |  bd_0_hls_inst_0_activation_accelerator_activation_accelerator_ap_uint_ap_uint_512_ap_uint_512_int_int_tile0_9_RAM_2Pbkb_9 |          0 |          0 |       0 |    0 |    0 |      0 |      1 |    0 |          0 |
|         activation_accelerator_ap_uint_ap_uint_512_ap_uint_512_int_int_tile1_2_U | bd_0_hls_inst_0_activation_accelerator_activation_accelerator_ap_uint_ap_uint_512_ap_uint_512_int_int_tile0_9_RAM_2Pbkb_10 |          0 |          0 |       0 |    0 |    0 |      0 |      1 |    0 |          0 |
|         activation_accelerator_ap_uint_ap_uint_512_ap_uint_512_int_int_tile1_3_U | bd_0_hls_inst_0_activation_accelerator_activation_accelerator_ap_uint_ap_uint_512_ap_uint_512_int_int_tile0_9_RAM_2Pbkb_11 |          0 |          0 |       0 |    0 |    0 |      0 |      1 |    0 |          0 |
|         activation_accelerator_ap_uint_ap_uint_512_ap_uint_512_int_int_tile1_4_U | bd_0_hls_inst_0_activation_accelerator_activation_accelerator_ap_uint_ap_uint_512_ap_uint_512_int_int_tile0_9_RAM_2Pbkb_12 |          0 |          0 |       0 |    0 |    0 |      0 |      1 |    0 |          0 |
|         activation_accelerator_ap_uint_ap_uint_512_ap_uint_512_int_int_tile1_5_U | bd_0_hls_inst_0_activation_accelerator_activation_accelerator_ap_uint_ap_uint_512_ap_uint_512_int_int_tile0_9_RAM_2Pbkb_13 |          0 |          0 |       0 |    0 |    0 |      0 |      1 |    0 |          0 |
|         activation_accelerator_ap_uint_ap_uint_512_ap_uint_512_int_int_tile1_6_U | bd_0_hls_inst_0_activation_accelerator_activation_accelerator_ap_uint_ap_uint_512_ap_uint_512_int_int_tile0_9_RAM_2Pbkb_14 |          0 |          0 |       0 |    0 |    0 |      0 |      1 |    0 |          0 |
|         activation_accelerator_ap_uint_ap_uint_512_ap_uint_512_int_int_tile1_7_U | bd_0_hls_inst_0_activation_accelerator_activation_accelerator_ap_uint_ap_uint_512_ap_uint_512_int_int_tile0_9_RAM_2Pbkb_15 |          0 |          0 |       0 |    0 |    0 |      0 |      1 |    0 |          0 |
|         activation_accelerator_ap_uint_ap_uint_512_ap_uint_512_int_int_tile1_8_U | bd_0_hls_inst_0_activation_accelerator_activation_accelerator_ap_uint_ap_uint_512_ap_uint_512_int_int_tile0_9_RAM_2Pbkb_16 |          0 |          0 |       0 |    0 |    0 |      0 |      1 |    0 |          0 |
|         activation_accelerator_ap_uint_ap_uint_512_ap_uint_512_int_int_tile1_9_U | bd_0_hls_inst_0_activation_accelerator_activation_accelerator_ap_uint_ap_uint_512_ap_uint_512_int_int_tile0_9_RAM_2Pbkb_17 |          1 |          1 |       0 |    0 |    0 |      0 |      1 |    0 |          0 |
|         activation_accelerator_ap_uint_ap_uint_512_ap_uint_512_int_int_tile1_U   | bd_0_hls_inst_0_activation_accelerator_activation_accelerator_ap_uint_ap_uint_512_ap_uint_512_int_int_tile0_9_RAM_2Pbkb_18 |          0 |          0 |       0 |    0 |    0 |      0 |      1 |    0 |          0 |
|         activation_accelerator_ap_uint_ap_uint_512_ap_uint_512_int_int_tile2_1_U | bd_0_hls_inst_0_activation_accelerator_activation_accelerator_ap_uint_ap_uint_512_ap_uint_512_int_int_tile0_9_RAM_2Pbkb_19 |          1 |          1 |       0 |    0 |    0 |      0 |      1 |    0 |          0 |
|         activation_accelerator_ap_uint_ap_uint_512_ap_uint_512_int_int_tile2_2_U | bd_0_hls_inst_0_activation_accelerator_activation_accelerator_ap_uint_ap_uint_512_ap_uint_512_int_int_tile0_9_RAM_2Pbkb_20 |          1 |          1 |       0 |    0 |    0 |      0 |      1 |    0 |          0 |
|         activation_accelerator_ap_uint_ap_uint_512_ap_uint_512_int_int_tile2_3_U | bd_0_hls_inst_0_activation_accelerator_activation_accelerator_ap_uint_ap_uint_512_ap_uint_512_int_int_tile0_9_RAM_2Pbkb_21 |          1 |          1 |       0 |    0 |    0 |      0 |      1 |    0 |          0 |
|         activation_accelerator_ap_uint_ap_uint_512_ap_uint_512_int_int_tile2_4_U | bd_0_hls_inst_0_activation_accelerator_activation_accelerator_ap_uint_ap_uint_512_ap_uint_512_int_int_tile0_9_RAM_2Pbkb_22 |          1 |          1 |       0 |    0 |    0 |      0 |      1 |    0 |          0 |
|         activation_accelerator_ap_uint_ap_uint_512_ap_uint_512_int_int_tile2_5_U | bd_0_hls_inst_0_activation_accelerator_activation_accelerator_ap_uint_ap_uint_512_ap_uint_512_int_int_tile0_9_RAM_2Pbkb_23 |          1 |          1 |       0 |    0 |    0 |      0 |      1 |    0 |          0 |
|         activation_accelerator_ap_uint_ap_uint_512_ap_uint_512_int_int_tile2_6_U | bd_0_hls_inst_0_activation_accelerator_activation_accelerator_ap_uint_ap_uint_512_ap_uint_512_int_int_tile0_9_RAM_2Pbkb_24 |          1 |          1 |       0 |    0 |    0 |      0 |      1 |    0 |          0 |
|         activation_accelerator_ap_uint_ap_uint_512_ap_uint_512_int_int_tile2_7_U | bd_0_hls_inst_0_activation_accelerator_activation_accelerator_ap_uint_ap_uint_512_ap_uint_512_int_int_tile0_9_RAM_2Pbkb_25 |          1 |          1 |       0 |    0 |    0 |      0 |      1 |    0 |          0 |
|         activation_accelerator_ap_uint_ap_uint_512_ap_uint_512_int_int_tile2_8_U | bd_0_hls_inst_0_activation_accelerator_activation_accelerator_ap_uint_ap_uint_512_ap_uint_512_int_int_tile0_9_RAM_2Pbkb_26 |          1 |          1 |       0 |    0 |    0 |      0 |      1 |    0 |          0 |
|         activation_accelerator_ap_uint_ap_uint_512_ap_uint_512_int_int_tile2_9_U | bd_0_hls_inst_0_activation_accelerator_activation_accelerator_ap_uint_ap_uint_512_ap_uint_512_int_int_tile0_9_RAM_2Pbkb_27 |          3 |          3 |       0 |    0 |    0 |      0 |      1 |    0 |          0 |
|         activation_accelerator_ap_uint_ap_uint_512_ap_uint_512_int_int_tile2_U   | bd_0_hls_inst_0_activation_accelerator_activation_accelerator_ap_uint_ap_uint_512_ap_uint_512_int_int_tile0_9_RAM_2Pbkb_28 |          1 |          1 |       0 |    0 |    0 |      0 |      1 |    0 |          0 |
|         control_s_axi_U                                                          |                                                                       bd_0_hls_inst_0_activation_accelerator_control_s_axi |        287 |        287 |       0 |    0 |  312 |      0 |      0 |    0 |          0 |
|         fadd_32ns_32ns_32_4_no_dsp_1_U485                                        |                                                        bd_0_hls_inst_0_activation_accelerator_fadd_32ns_32ns_32_4_no_dsp_1 |        335 |        335 |       0 |    0 |  136 |      0 |      0 |    0 |          0 |
|           (fadd_32ns_32ns_32_4_no_dsp_1_U485)                                    |                                                        bd_0_hls_inst_0_activation_accelerator_fadd_32ns_32ns_32_4_no_dsp_1 |          0 |          0 |       0 |    0 |   64 |      0 |      0 |    0 |          0 |
|           activation_accelerator_fadd_32ns_32ns_32_4_no_dsp_1_ip_u               |                                                     bd_0_hls_inst_0_activation_accelerator_fadd_32ns_32ns_32_4_no_dsp_1_ip |        335 |        335 |       0 |    0 |   72 |      0 |      0 |    0 |          0 |
|             inst                                                                 |                                                                     bd_0_hls_inst_0_floating_point_v7_1_15__parameterized6 |        335 |        335 |       0 |    0 |   72 |      0 |      0 |    0 |          0 |
|               i_synth                                                            |                                                                bd_0_hls_inst_0_floating_point_v7_1_15_viv__parameterized13 |        335 |        335 |       0 |    0 |   72 |      0 |      0 |    0 |          0 |
|         faddfsub_32ns_32ns_32_4_full_dsp_1_U480                                  |                                                  bd_0_hls_inst_0_activation_accelerator_faddfsub_32ns_32ns_32_4_full_dsp_1 |        205 |        205 |       0 |    0 |  200 |      0 |      0 |    0 |          2 |
|           (faddfsub_32ns_32ns_32_4_full_dsp_1_U480)                              |                                                  bd_0_hls_inst_0_activation_accelerator_faddfsub_32ns_32ns_32_4_full_dsp_1 |         31 |         31 |       0 |    0 |   65 |      0 |      0 |    0 |          0 |
|           activation_accelerator_faddfsub_32ns_32ns_32_4_full_dsp_1_ip_u         |                                               bd_0_hls_inst_0_activation_accelerator_faddfsub_32ns_32ns_32_4_full_dsp_1_ip |        174 |        174 |       0 |    0 |  135 |      0 |      0 |    0 |          2 |
|             inst                                                                 |                                                                     bd_0_hls_inst_0_floating_point_v7_1_15__parameterized1 |        174 |        174 |       0 |    0 |  135 |      0 |      0 |    0 |          2 |
|               i_synth                                                            |                                                                 bd_0_hls_inst_0_floating_point_v7_1_15_viv__parameterized3 |        174 |        174 |       0 |    0 |  135 |      0 |      0 |    0 |          2 |
|         fdiv_32ns_32ns_32_9_no_dsp_1_U482                                        |                                                        bd_0_hls_inst_0_activation_accelerator_fdiv_32ns_32ns_32_9_no_dsp_1 |        779 |        748 |       0 |   31 |  382 |      0 |      0 |    0 |          0 |
|           (fdiv_32ns_32ns_32_9_no_dsp_1_U482)                                    |                                                        bd_0_hls_inst_0_activation_accelerator_fdiv_32ns_32ns_32_9_no_dsp_1 |          0 |          0 |       0 |    0 |   64 |      0 |      0 |    0 |          0 |
|           activation_accelerator_fdiv_32ns_32ns_32_9_no_dsp_1_ip_u               |                                                     bd_0_hls_inst_0_activation_accelerator_fdiv_32ns_32ns_32_9_no_dsp_1_ip |        779 |        748 |       0 |   31 |  318 |      0 |      0 |    0 |          0 |
|             inst                                                                 |                                                                     bd_0_hls_inst_0_floating_point_v7_1_15__parameterized3 |        779 |        748 |       0 |   31 |  318 |      0 |      0 |    0 |          0 |
|               i_synth                                                            |                                                                 bd_0_hls_inst_0_floating_point_v7_1_15_viv__parameterized7 |        779 |        748 |       0 |   31 |  318 |      0 |      0 |    0 |          0 |
|         fexp_32ns_32ns_32_8_full_dsp_1_U484                                      |                                                      bd_0_hls_inst_0_activation_accelerator_fexp_32ns_32ns_32_8_full_dsp_1 |        690 |        678 |       0 |   12 |  238 |      0 |      0 |    0 |          7 |
|           (fexp_32ns_32ns_32_8_full_dsp_1_U484)                                  |                                                      bd_0_hls_inst_0_activation_accelerator_fexp_32ns_32ns_32_8_full_dsp_1 |          0 |          0 |       0 |    0 |   32 |      0 |      0 |    0 |          0 |
|           activation_accelerator_fexp_32ns_32ns_32_8_full_dsp_1_ip_u             |                                                   bd_0_hls_inst_0_activation_accelerator_fexp_32ns_32ns_32_8_full_dsp_1_ip |        690 |        678 |       0 |   12 |  206 |      0 |      0 |    0 |          7 |
|             inst                                                                 |                                                                     bd_0_hls_inst_0_floating_point_v7_1_15__parameterized5 |        690 |        678 |       0 |   12 |  206 |      0 |      0 |    0 |          7 |
|               i_synth                                                            |                                                                bd_0_hls_inst_0_floating_point_v7_1_15_viv__parameterized11 |        690 |        678 |       0 |   12 |  206 |      0 |      0 |    0 |          7 |
|         fmul_32ns_32ns_32_3_max_dsp_1_U481                                       |                                                       bd_0_hls_inst_0_activation_accelerator_fmul_32ns_32ns_32_3_max_dsp_1 |        146 |        146 |       0 |    0 |   96 |      0 |      0 |    0 |          3 |
|           (fmul_32ns_32ns_32_3_max_dsp_1_U481)                                   |                                                       bd_0_hls_inst_0_activation_accelerator_fmul_32ns_32ns_32_3_max_dsp_1 |         69 |         69 |       0 |    0 |   64 |      0 |      0 |    0 |          0 |
|           activation_accelerator_fmul_32ns_32ns_32_3_max_dsp_1_ip_u              |                                                    bd_0_hls_inst_0_activation_accelerator_fmul_32ns_32ns_32_3_max_dsp_1_ip |         77 |         77 |       0 |    0 |   32 |      0 |      0 |    0 |          3 |
|             inst                                                                 |                                                                     bd_0_hls_inst_0_floating_point_v7_1_15__parameterized2 |         77 |         77 |       0 |    0 |   32 |      0 |      0 |    0 |          3 |
|               i_synth                                                            |                                                                 bd_0_hls_inst_0_floating_point_v7_1_15_viv__parameterized5 |         77 |         77 |       0 |    0 |   32 |      0 |      0 |    0 |          3 |
|         fsqrt_32ns_32ns_32_8_no_dsp_1_U483                                       |                                                       bd_0_hls_inst_0_activation_accelerator_fsqrt_32ns_32ns_32_8_no_dsp_1 |        416 |        405 |       0 |   11 |  237 |      0 |      0 |    0 |          0 |
|           (fsqrt_32ns_32ns_32_8_no_dsp_1_U483)                                   |                                                       bd_0_hls_inst_0_activation_accelerator_fsqrt_32ns_32ns_32_8_no_dsp_1 |          0 |          0 |       0 |    0 |   32 |      0 |      0 |    0 |          0 |
|           activation_accelerator_fsqrt_32ns_32ns_32_8_no_dsp_1_ip_u              |                                                    bd_0_hls_inst_0_activation_accelerator_fsqrt_32ns_32ns_32_8_no_dsp_1_ip |        416 |        405 |       0 |   11 |  205 |      0 |      0 |    0 |          0 |
|             inst                                                                 |                                                                     bd_0_hls_inst_0_floating_point_v7_1_15__parameterized4 |        416 |        405 |       0 |   11 |  205 |      0 |      0 |    0 |          0 |
|               i_synth                                                            |                                                                 bd_0_hls_inst_0_floating_point_v7_1_15_viv__parameterized9 |        416 |        405 |       0 |   11 |  205 |      0 |      0 |    0 |          0 |
|         gmem0_m_axi_U                                                            |                                                                         bd_0_hls_inst_0_activation_accelerator_gmem0_m_axi |        949 |        915 |       0 |   34 | 1669 |      7 |      1 |    0 |          0 |
|           bus_read                                                               |                                                                    bd_0_hls_inst_0_activation_accelerator_gmem0_m_axi_read |        786 |        786 |       0 |    0 | 1492 |      0 |      0 |    0 |          0 |
|             (bus_read)                                                           |                                                                    bd_0_hls_inst_0_activation_accelerator_gmem0_m_axi_read |         88 |         88 |       0 |    0 |  301 |      0 |      0 |    0 |          0 |
|             fifo_burst                                                           |                                                    bd_0_hls_inst_0_activation_accelerator_gmem0_m_axi_fifo__parameterized1 |         18 |         18 |       0 |    0 |   13 |      0 |      0 |    0 |          0 |
|               (fifo_burst)                                                       |                                                    bd_0_hls_inst_0_activation_accelerator_gmem0_m_axi_fifo__parameterized1 |         14 |         14 |       0 |    0 |   12 |      0 |      0 |    0 |          0 |
|               U_fifo_srl                                                         |                                                     bd_0_hls_inst_0_activation_accelerator_gmem0_m_axi_srl__parameterized0 |          4 |          4 |       0 |    0 |    1 |      0 |      0 |    0 |          0 |
|             fifo_rctl                                                            |                                                bd_0_hls_inst_0_activation_accelerator_gmem0_m_axi_fifo__parameterized1_148 |         18 |         18 |       0 |    0 |    8 |      0 |      0 |    0 |          0 |
|             rs_rdata                                                             |                                               bd_0_hls_inst_0_activation_accelerator_gmem0_m_axi_reg_slice__parameterized2 |        524 |        524 |       0 |    0 | 1041 |      0 |      0 |    0 |          0 |
|             rs_rreq                                                              |                                                               bd_0_hls_inst_0_activation_accelerator_gmem0_m_axi_reg_slice |        138 |        138 |       0 |    0 |  129 |      0 |      0 |    0 |          0 |
|           bus_write                                                              |                                                                   bd_0_hls_inst_0_activation_accelerator_gmem0_m_axi_write |          2 |          2 |       0 |    0 |    3 |      0 |      0 |    0 |          0 |
|             rs_resp                                                              |                                               bd_0_hls_inst_0_activation_accelerator_gmem0_m_axi_reg_slice__parameterized1 |          2 |          2 |       0 |    0 |    3 |      0 |      0 |    0 |          0 |
|           load_unit                                                              |                                                                    bd_0_hls_inst_0_activation_accelerator_gmem0_m_axi_load |        163 |        129 |       0 |   34 |  174 |      7 |      1 |    0 |          0 |
|             (load_unit)                                                          |                                                                    bd_0_hls_inst_0_activation_accelerator_gmem0_m_axi_load |          1 |          1 |       0 |    0 |   64 |      0 |      0 |    0 |          0 |
|             buff_rdata                                                           |                                                    bd_0_hls_inst_0_activation_accelerator_gmem0_m_axi_fifo__parameterized3 |         54 |         54 |       0 |    0 |   40 |      7 |      1 |    0 |          0 |
|               (buff_rdata)                                                       |                                                    bd_0_hls_inst_0_activation_accelerator_gmem0_m_axi_fifo__parameterized3 |         38 |         38 |       0 |    0 |   31 |      0 |      0 |    0 |          0 |
|               U_fifo_mem                                                         |                                                     bd_0_hls_inst_0_activation_accelerator_gmem0_m_axi_mem__parameterized0 |         16 |         16 |       0 |    0 |    9 |      7 |      1 |    0 |          0 |
|             fifo_rreq                                                            |                                                                    bd_0_hls_inst_0_activation_accelerator_gmem0_m_axi_fifo |        109 |         75 |       0 |   34 |   70 |      0 |      0 |    0 |          0 |
|               (fifo_rreq)                                                        |                                                                    bd_0_hls_inst_0_activation_accelerator_gmem0_m_axi_fifo |         13 |         13 |       0 |    0 |   10 |      0 |      0 |    0 |          0 |
|               U_fifo_srl                                                         |                                                                     bd_0_hls_inst_0_activation_accelerator_gmem0_m_axi_srl |         96 |         62 |       0 |   34 |   60 |      0 |      0 |    0 |          0 |
|         gmem1_m_axi_U                                                            |                                                                         bd_0_hls_inst_0_activation_accelerator_gmem1_m_axi |        897 |        863 |       0 |   34 | 1668 |      7 |      1 |    0 |          0 |
|           bus_read                                                               |                                                                    bd_0_hls_inst_0_activation_accelerator_gmem1_m_axi_read |        787 |        787 |       0 |    0 | 1491 |      0 |      0 |    0 |          0 |
|             (bus_read)                                                           |                                                                    bd_0_hls_inst_0_activation_accelerator_gmem1_m_axi_read |         88 |         88 |       0 |    0 |  301 |      0 |      0 |    0 |          0 |
|             fifo_burst                                                           |                                                    bd_0_hls_inst_0_activation_accelerator_gmem1_m_axi_fifo__parameterized1 |         18 |         18 |       0 |    0 |   13 |      0 |      0 |    0 |          0 |
|               (fifo_burst)                                                       |                                                    bd_0_hls_inst_0_activation_accelerator_gmem1_m_axi_fifo__parameterized1 |         14 |         14 |       0 |    0 |   12 |      0 |      0 |    0 |          0 |
|               U_fifo_srl                                                         |                                                     bd_0_hls_inst_0_activation_accelerator_gmem1_m_axi_srl__parameterized0 |          4 |          4 |       0 |    0 |    1 |      0 |      0 |    0 |          0 |
|             fifo_rctl                                                            |                                                bd_0_hls_inst_0_activation_accelerator_gmem1_m_axi_fifo__parameterized1_147 |         18 |         18 |       0 |    0 |    8 |      0 |      0 |    0 |          0 |
|             rs_rdata                                                             |                                               bd_0_hls_inst_0_activation_accelerator_gmem1_m_axi_reg_slice__parameterized2 |        525 |        525 |       0 |    0 | 1040 |      0 |      0 |    0 |          0 |
|             rs_rreq                                                              |                                                               bd_0_hls_inst_0_activation_accelerator_gmem1_m_axi_reg_slice |        138 |        138 |       0 |    0 |  129 |      0 |      0 |    0 |          0 |
|           bus_write                                                              |                                                                   bd_0_hls_inst_0_activation_accelerator_gmem1_m_axi_write |          2 |          2 |       0 |    0 |    3 |      0 |      0 |    0 |          0 |
|             rs_resp                                                              |                                               bd_0_hls_inst_0_activation_accelerator_gmem1_m_axi_reg_slice__parameterized1 |          2 |          2 |       0 |    0 |    3 |      0 |      0 |    0 |          0 |
|           load_unit                                                              |                                                                    bd_0_hls_inst_0_activation_accelerator_gmem1_m_axi_load |        109 |         75 |       0 |   34 |  174 |      7 |      1 |    0 |          0 |
|             (load_unit)                                                          |                                                                    bd_0_hls_inst_0_activation_accelerator_gmem1_m_axi_load |          1 |          1 |       0 |    0 |   64 |      0 |      0 |    0 |          0 |
|             buff_rdata                                                           |                                                    bd_0_hls_inst_0_activation_accelerator_gmem1_m_axi_fifo__parameterized3 |         56 |         56 |       0 |    0 |   40 |      7 |      1 |    0 |          0 |
|               (buff_rdata)                                                       |                                                    bd_0_hls_inst_0_activation_accelerator_gmem1_m_axi_fifo__parameterized3 |         38 |         38 |       0 |    0 |   31 |      0 |      0 |    0 |          0 |
|               U_fifo_mem                                                         |                                                     bd_0_hls_inst_0_activation_accelerator_gmem1_m_axi_mem__parameterized0 |         19 |         19 |       0 |    0 |    9 |      7 |      1 |    0 |          0 |
|             fifo_rreq                                                            |                                                                    bd_0_hls_inst_0_activation_accelerator_gmem1_m_axi_fifo |         53 |         19 |       0 |   34 |   70 |      0 |      0 |    0 |          0 |
|               (fifo_rreq)                                                        |                                                                    bd_0_hls_inst_0_activation_accelerator_gmem1_m_axi_fifo |         15 |         15 |       0 |    0 |   10 |      0 |      0 |    0 |          0 |
|               U_fifo_srl                                                         |                                                                     bd_0_hls_inst_0_activation_accelerator_gmem1_m_axi_srl |         38 |          4 |       0 |   34 |   60 |      0 |      0 |    0 |          0 |
|         gmem2_m_axi_U                                                            |                                                                         bd_0_hls_inst_0_activation_accelerator_gmem2_m_axi |       1165 |        515 |       0 |  650 | 1476 |      8 |      0 |    0 |          0 |
|           bus_read                                                               |                                                                    bd_0_hls_inst_0_activation_accelerator_gmem2_m_axi_read |          4 |          4 |       0 |    0 |    5 |      0 |      0 |    0 |          0 |
|             rs_rdata                                                             |                                               bd_0_hls_inst_0_activation_accelerator_gmem2_m_axi_reg_slice__parameterized2 |          4 |          4 |       0 |    0 |    5 |      0 |      0 |    0 |          0 |
|           bus_write                                                              |                                                                   bd_0_hls_inst_0_activation_accelerator_gmem2_m_axi_write |       1020 |        405 |       0 |  615 | 1282 |      0 |      0 |    0 |          0 |
|             (bus_write)                                                          |                                                                   bd_0_hls_inst_0_activation_accelerator_gmem2_m_axi_write |         94 |         94 |       0 |    0 |  311 |      0 |      0 |    0 |          0 |
|             fifo_burst                                                           |                                                    bd_0_hls_inst_0_activation_accelerator_gmem2_m_axi_fifo__parameterized4 |         36 |         31 |       0 |    5 |   17 |      0 |      0 |    0 |          0 |
|               (fifo_burst)                                                       |                                                    bd_0_hls_inst_0_activation_accelerator_gmem2_m_axi_fifo__parameterized4 |         12 |         12 |       0 |    0 |   12 |      0 |      0 |    0 |          0 |
|               U_fifo_srl                                                         |                                                     bd_0_hls_inst_0_activation_accelerator_gmem2_m_axi_srl__parameterized2 |         24 |         19 |       0 |    5 |    5 |      0 |      0 |    0 |          0 |
|             fifo_resp                                                            |                                                bd_0_hls_inst_0_activation_accelerator_gmem2_m_axi_fifo__parameterized1_145 |         19 |         18 |       0 |    1 |   13 |      0 |      0 |    0 |          0 |
|               (fifo_resp)                                                        |                                                bd_0_hls_inst_0_activation_accelerator_gmem2_m_axi_fifo__parameterized1_145 |         13 |         13 |       0 |    0 |   12 |      0 |      0 |    0 |          0 |
|               U_fifo_srl                                                         |                                                 bd_0_hls_inst_0_activation_accelerator_gmem2_m_axi_srl__parameterized0_146 |          6 |          5 |       0 |    1 |    1 |      0 |      0 |    0 |          0 |
|             rs_resp                                                              |                                               bd_0_hls_inst_0_activation_accelerator_gmem2_m_axi_reg_slice__parameterized1 |          4 |          4 |       0 |    0 |    5 |      0 |      0 |    0 |          0 |
|             rs_wreq                                                              |                                                               bd_0_hls_inst_0_activation_accelerator_gmem2_m_axi_reg_slice |        137 |        137 |       0 |    0 |  129 |      0 |      0 |    0 |          0 |
|             wreq_throttle                                                        |                                                                bd_0_hls_inst_0_activation_accelerator_gmem2_m_axi_throttle |        732 |        123 |       0 |  609 |  807 |      0 |      0 |    0 |          0 |
|               (wreq_throttle)                                                    |                                                                bd_0_hls_inst_0_activation_accelerator_gmem2_m_axi_throttle |          1 |          1 |       0 |    0 |    7 |      0 |      0 |    0 |          0 |
|               data_fifo                                                          |                                                    bd_0_hls_inst_0_activation_accelerator_gmem2_m_axi_fifo__parameterized6 |        612 |         35 |       0 |  577 |  594 |      0 |      0 |    0 |          0 |
|               req_fifo                                                           |                                                    bd_0_hls_inst_0_activation_accelerator_gmem2_m_axi_fifo__parameterized5 |         49 |         17 |       0 |   32 |   75 |      0 |      0 |    0 |          0 |
|               rs_req                                                             |                                               bd_0_hls_inst_0_activation_accelerator_gmem2_m_axi_reg_slice__parameterized0 |         70 |         70 |       0 |    0 |  131 |      0 |      0 |    0 |          0 |
|           load_unit                                                              |                                                                    bd_0_hls_inst_0_activation_accelerator_gmem2_m_axi_load |         17 |         17 |       0 |    0 |   12 |      0 |      0 |    0 |          0 |
|             buff_rdata                                                           |                                                    bd_0_hls_inst_0_activation_accelerator_gmem2_m_axi_fifo__parameterized3 |         17 |         17 |       0 |    0 |   12 |      0 |      0 |    0 |          0 |
|           store_unit                                                             |                                                                   bd_0_hls_inst_0_activation_accelerator_gmem2_m_axi_store |        126 |         91 |       0 |   35 |  177 |      8 |      0 |    0 |          0 |
|             (store_unit)                                                         |                                                                   bd_0_hls_inst_0_activation_accelerator_gmem2_m_axi_store |          1 |          1 |       0 |    0 |   63 |      0 |      0 |    0 |          0 |
|             buff_wdata                                                           |                                                    bd_0_hls_inst_0_activation_accelerator_gmem2_m_axi_fifo__parameterized0 |         18 |         18 |       0 |    0 |   24 |      8 |      0 |    0 |          0 |
|               (buff_wdata)                                                       |                                                    bd_0_hls_inst_0_activation_accelerator_gmem2_m_axi_fifo__parameterized0 |         13 |         13 |       0 |    0 |   19 |      0 |      0 |    0 |          0 |
|               U_fifo_mem                                                         |                                                                     bd_0_hls_inst_0_activation_accelerator_gmem2_m_axi_mem |          5 |          5 |       0 |    0 |    5 |      8 |      0 |    0 |          0 |
|             fifo_wreq                                                            |                                                                    bd_0_hls_inst_0_activation_accelerator_gmem2_m_axi_fifo |         80 |         46 |       0 |   34 |   70 |      0 |      0 |    0 |          0 |
|               (fifo_wreq)                                                        |                                                                    bd_0_hls_inst_0_activation_accelerator_gmem2_m_axi_fifo |         12 |         12 |       0 |    0 |   10 |      0 |      0 |    0 |          0 |
|               U_fifo_srl                                                         |                                                                     bd_0_hls_inst_0_activation_accelerator_gmem2_m_axi_srl |         68 |         34 |       0 |   34 |   60 |      0 |      0 |    0 |          0 |
|             fifo_wrsp                                                            |                                                    bd_0_hls_inst_0_activation_accelerator_gmem2_m_axi_fifo__parameterized1 |         18 |         17 |       0 |    1 |   13 |      0 |      0 |    0 |          0 |
|               (fifo_wrsp)                                                        |                                                    bd_0_hls_inst_0_activation_accelerator_gmem2_m_axi_fifo__parameterized1 |          5 |          5 |       0 |    0 |   12 |      0 |      0 |    0 |          0 |
|               U_fifo_srl                                                         |                                                     bd_0_hls_inst_0_activation_accelerator_gmem2_m_axi_srl__parameterized0 |         13 |         12 |       0 |    1 |    1 |      0 |      0 |    0 |          0 |
|             user_resp                                                            |                                                    bd_0_hls_inst_0_activation_accelerator_gmem2_m_axi_fifo__parameterized2 |         10 |         10 |       0 |    0 |    7 |      0 |      0 |    0 |          0 |
|         grp_activation_accelerator_Pipeline_VITIS_LOOP_251_1_fu_927              |                                    bd_0_hls_inst_0_activation_accelerator_activation_accelerator_Pipeline_VITIS_LOOP_251_1 |        117 |        105 |       0 |   12 |   58 |      0 |      0 |    0 |          0 |
|           (grp_activation_accelerator_Pipeline_VITIS_LOOP_251_1_fu_927)          |                                    bd_0_hls_inst_0_activation_accelerator_activation_accelerator_Pipeline_VITIS_LOOP_251_1 |         93 |         81 |       0 |   12 |   56 |      0 |      0 |    0 |          0 |
|           flow_control_loop_pipe_sequential_init_U                               |                                          bd_0_hls_inst_0_activation_accelerator_flow_control_loop_pipe_sequential_init_144 |         24 |         24 |       0 |    0 |    2 |      0 |      0 |    0 |          0 |
|         grp_activation_accelerator_Pipeline_VITIS_LOOP_402_1_fu_436              |                                    bd_0_hls_inst_0_activation_accelerator_activation_accelerator_Pipeline_VITIS_LOOP_402_1 |         27 |         27 |       0 |    0 |   42 |      0 |      0 |    0 |          0 |
|           (grp_activation_accelerator_Pipeline_VITIS_LOOP_402_1_fu_436)          |                                    bd_0_hls_inst_0_activation_accelerator_activation_accelerator_Pipeline_VITIS_LOOP_402_1 |         10 |         10 |       0 |    0 |   40 |      0 |      0 |    0 |          0 |
|           flow_control_loop_pipe_sequential_init_U                               |                                          bd_0_hls_inst_0_activation_accelerator_flow_control_loop_pipe_sequential_init_143 |         18 |         18 |       0 |    0 |    2 |      0 |      0 |    0 |          0 |
|         grp_activation_accelerator_Pipeline_VITIS_LOOP_427_3_fu_642              |                                    bd_0_hls_inst_0_activation_accelerator_activation_accelerator_Pipeline_VITIS_LOOP_427_3 |         81 |         81 |       0 |    0 |   12 |      0 |      0 |    0 |          0 |
|           (grp_activation_accelerator_Pipeline_VITIS_LOOP_427_3_fu_642)          |                                    bd_0_hls_inst_0_activation_accelerator_activation_accelerator_Pipeline_VITIS_LOOP_427_3 |          9 |          9 |       0 |    0 |   10 |      0 |      0 |    0 |          0 |
|           flow_control_loop_pipe_sequential_init_U                               |                                          bd_0_hls_inst_0_activation_accelerator_flow_control_loop_pipe_sequential_init_142 |         72 |         72 |       0 |    0 |    2 |      0 |      0 |    0 |          0 |
|         grp_activation_accelerator_Pipeline_VITIS_LOOP_451_4_fu_574              |                                    bd_0_hls_inst_0_activation_accelerator_activation_accelerator_Pipeline_VITIS_LOOP_451_4 |         34 |         34 |       0 |    0 |   12 |      0 |      0 |    0 |          0 |
|           (grp_activation_accelerator_Pipeline_VITIS_LOOP_451_4_fu_574)          |                                    bd_0_hls_inst_0_activation_accelerator_activation_accelerator_Pipeline_VITIS_LOOP_451_4 |          8 |          8 |       0 |    0 |   10 |      0 |      0 |    0 |          0 |
|           flow_control_loop_pipe_sequential_init_U                               |                                          bd_0_hls_inst_0_activation_accelerator_flow_control_loop_pipe_sequential_init_141 |         26 |         26 |       0 |    0 |    2 |      0 |      0 |    0 |          0 |
|         grp_activation_accelerator_Pipeline_VITIS_LOOP_465_5_fu_1299             |                                    bd_0_hls_inst_0_activation_accelerator_activation_accelerator_Pipeline_VITIS_LOOP_465_5 |         22 |         22 |       0 |    0 |   11 |      0 |      0 |    0 |          0 |
|           (grp_activation_accelerator_Pipeline_VITIS_LOOP_465_5_fu_1299)         |                                    bd_0_hls_inst_0_activation_accelerator_activation_accelerator_Pipeline_VITIS_LOOP_465_5 |          9 |          9 |       0 |    0 |    9 |      0 |      0 |    0 |          0 |
|           flow_control_loop_pipe_sequential_init_U                               |                                          bd_0_hls_inst_0_activation_accelerator_flow_control_loop_pipe_sequential_init_140 |         13 |         13 |       0 |    0 |    2 |      0 |      0 |    0 |          0 |
|         grp_activation_accelerator_Pipeline_add_loop1_fu_1227                    |                                           bd_0_hls_inst_0_activation_accelerator_activation_accelerator_Pipeline_add_loop1 |        118 |        106 |       0 |   12 |   52 |      0 |      0 |    0 |          0 |
|           (grp_activation_accelerator_Pipeline_add_loop1_fu_1227)                |                                           bd_0_hls_inst_0_activation_accelerator_activation_accelerator_Pipeline_add_loop1 |         85 |         73 |       0 |   12 |   50 |      0 |      0 |    0 |          0 |
|           flow_control_loop_pipe_sequential_init_U                               |                                          bd_0_hls_inst_0_activation_accelerator_flow_control_loop_pipe_sequential_init_139 |         33 |         33 |       0 |    0 |    2 |      0 |      0 |    0 |          0 |
|         grp_activation_accelerator_Pipeline_add_loop_fu_1155                     |                                            bd_0_hls_inst_0_activation_accelerator_activation_accelerator_Pipeline_add_loop |        194 |        182 |       0 |   12 |  171 |      0 |      0 |    0 |          2 |
|           (grp_activation_accelerator_Pipeline_add_loop_fu_1155)                 |                                            bd_0_hls_inst_0_activation_accelerator_activation_accelerator_Pipeline_add_loop |         37 |         25 |       0 |   12 |   50 |      0 |      0 |    0 |          0 |
|           fadd_32ns_32ns_32_4_full_dsp_1_U375                                    |                                                      bd_0_hls_inst_0_activation_accelerator_fadd_32ns_32ns_32_4_full_dsp_1 |        128 |        128 |       0 |    0 |  119 |      0 |      0 |    0 |          2 |
|             (fadd_32ns_32ns_32_4_full_dsp_1_U375)                                |                                                      bd_0_hls_inst_0_activation_accelerator_fadd_32ns_32ns_32_4_full_dsp_1 |          0 |          0 |       0 |    0 |   16 |      0 |      0 |    0 |          0 |
|             activation_accelerator_fadd_32ns_32ns_32_4_full_dsp_1_ip_u           |                                                   bd_0_hls_inst_0_activation_accelerator_fadd_32ns_32ns_32_4_full_dsp_1_ip |        128 |        128 |       0 |    0 |  103 |      0 |      0 |    0 |          2 |
|               inst                                                               |                                                                     bd_0_hls_inst_0_floating_point_v7_1_15__parameterized0 |        128 |        128 |       0 |    0 |  103 |      0 |      0 |    0 |          2 |
|           flow_control_loop_pipe_sequential_init_U                               |                                          bd_0_hls_inst_0_activation_accelerator_flow_control_loop_pipe_sequential_init_111 |         29 |         29 |       0 |    0 |    2 |      0 |      0 |    0 |          0 |
|         grp_activation_accelerator_Pipeline_layer_loop_0_fu_998                  |                                        bd_0_hls_inst_0_activation_accelerator_activation_accelerator_Pipeline_layer_loop_0 |         56 |         56 |       0 |    0 |   50 |      0 |      0 |    0 |          0 |
|           (grp_activation_accelerator_Pipeline_layer_loop_0_fu_998)              |                                        bd_0_hls_inst_0_activation_accelerator_activation_accelerator_Pipeline_layer_loop_0 |         43 |         43 |       0 |    0 |   48 |      0 |      0 |    0 |          0 |
|           flow_control_loop_pipe_sequential_init_U                               |                                          bd_0_hls_inst_0_activation_accelerator_flow_control_loop_pipe_sequential_init_110 |         13 |         13 |       0 |    0 |    2 |      0 |      0 |    0 |          0 |
|         grp_activation_accelerator_Pipeline_layer_loop_1_fu_1005                 |                                        bd_0_hls_inst_0_activation_accelerator_activation_accelerator_Pipeline_layer_loop_1 |        189 |        189 |       0 |    0 |  138 |      0 |      0 |    0 |          0 |
|           (grp_activation_accelerator_Pipeline_layer_loop_1_fu_1005)             |                                        bd_0_hls_inst_0_activation_accelerator_activation_accelerator_Pipeline_layer_loop_1 |        165 |        165 |       0 |    0 |  136 |      0 |      0 |    0 |          0 |
|           flow_control_loop_pipe_sequential_init_U                               |                                          bd_0_hls_inst_0_activation_accelerator_flow_control_loop_pipe_sequential_init_109 |         25 |         25 |       0 |    0 |    2 |      0 |      0 |    0 |          0 |
|         grp_activation_accelerator_Pipeline_layer_loop_2_fu_1013                 |                                        bd_0_hls_inst_0_activation_accelerator_activation_accelerator_Pipeline_layer_loop_2 |        100 |         88 |       0 |   12 |   46 |      0 |      0 |    0 |          0 |
|           (grp_activation_accelerator_Pipeline_layer_loop_2_fu_1013)             |                                        bd_0_hls_inst_0_activation_accelerator_activation_accelerator_Pipeline_layer_loop_2 |         78 |         66 |       0 |   12 |   44 |      0 |      0 |    0 |          0 |
|           flow_control_loop_pipe_sequential_init_U                               |                                          bd_0_hls_inst_0_activation_accelerator_flow_control_loop_pipe_sequential_init_108 |         22 |         22 |       0 |    0 |    2 |      0 |      0 |    0 |          0 |
|         grp_activation_accelerator_Pipeline_rms_loop_0_fu_920                    |                                          bd_0_hls_inst_0_activation_accelerator_activation_accelerator_Pipeline_rms_loop_0 |         42 |         42 |       0 |    0 |  100 |      0 |      0 |    0 |          0 |
|           (grp_activation_accelerator_Pipeline_rms_loop_0_fu_920)                |                                          bd_0_hls_inst_0_activation_accelerator_activation_accelerator_Pipeline_rms_loop_0 |         24 |         24 |       0 |    0 |   98 |      0 |      0 |    0 |          0 |
|           flow_control_loop_pipe_sequential_init_U                               |                                          bd_0_hls_inst_0_activation_accelerator_flow_control_loop_pipe_sequential_init_107 |         19 |         19 |       0 |    0 |    2 |      0 |      0 |    0 |          0 |
|         grp_activation_accelerator_Pipeline_silu_loop_fu_850                     |                                           bd_0_hls_inst_0_activation_accelerator_activation_accelerator_Pipeline_silu_loop |        201 |        173 |       0 |   28 |  164 |      0 |      0 |    0 |          0 |
|           (grp_activation_accelerator_Pipeline_silu_loop_fu_850)                 |                                           bd_0_hls_inst_0_activation_accelerator_activation_accelerator_Pipeline_silu_loop |        183 |        155 |       0 |   28 |  162 |      0 |      0 |    0 |          0 |
|           flow_control_loop_pipe_sequential_init_U                               |                                          bd_0_hls_inst_0_activation_accelerator_flow_control_loop_pipe_sequential_init_106 |         18 |         18 |       0 |    0 |    2 |      0 |      0 |    0 |          0 |
|         grp_bf16_to_float_fu_710                                                 |                                                                       bd_0_hls_inst_0_activation_accelerator_bf16_to_float |        168 |        168 |       0 |    0 |   23 |      0 |      0 |    0 |          0 |
|           (grp_bf16_to_float_fu_710)                                             |                                                                       bd_0_hls_inst_0_activation_accelerator_bf16_to_float |          3 |          3 |       0 |    0 |   21 |      0 |      0 |    0 |          0 |
|           flow_control_loop_pipe_sequential_init_U                               |                                          bd_0_hls_inst_0_activation_accelerator_flow_control_loop_pipe_sequential_init_104 |         21 |         21 |       0 |    0 |    2 |      0 |      0 |    0 |          0 |
|           mux_325_16_1_1_U101                                                    |                                                                  bd_0_hls_inst_0_activation_accelerator_mux_325_16_1_1_105 |        144 |        144 |       0 |    0 |    0 |      0 |      0 |    0 |          0 |
|         grp_bf16_to_float_fu_780                                                 |                                                                    bd_0_hls_inst_0_activation_accelerator_bf16_to_float_29 |        162 |        162 |       0 |    0 |   23 |      0 |      0 |    0 |          0 |
|           (grp_bf16_to_float_fu_780)                                             |                                                                    bd_0_hls_inst_0_activation_accelerator_bf16_to_float_29 |          3 |          3 |       0 |    0 |   21 |      0 |      0 |    0 |          0 |
|           flow_control_loop_pipe_sequential_init_U                               |                                          bd_0_hls_inst_0_activation_accelerator_flow_control_loop_pipe_sequential_init_103 |         15 |         15 |       0 |    0 |    2 |      0 |      0 |    0 |          0 |
|           mux_325_16_1_1_U101                                                    |                                                                      bd_0_hls_inst_0_activation_accelerator_mux_325_16_1_1 |        144 |        144 |       0 |    0 |    0 |      0 |      0 |    0 |          0 |
|         grp_float_safe_softmax_fu_1085                                           |                                                                  bd_0_hls_inst_0_activation_accelerator_float_safe_softmax |        374 |        353 |       0 |   21 |  349 |      1 |      0 |    0 |          0 |
|           (grp_float_safe_softmax_fu_1085)                                       |                                                                  bd_0_hls_inst_0_activation_accelerator_float_safe_softmax |          1 |          1 |       0 |    0 |   27 |      0 |      0 |    0 |          0 |
|           exp_x_U                                                                |                                          bd_0_hls_inst_0_activation_accelerator_float_safe_softmax_exp_x_RAM_S2P_BRAM_1R1W |          1 |          1 |       0 |    0 |    0 |      1 |      0 |    0 |          0 |
|           grp_float_safe_softmax_Pipeline_softmax_loop_0_fu_104                  |                                          bd_0_hls_inst_0_activation_accelerator_float_safe_softmax_Pipeline_softmax_loop_0 |        151 |        151 |       0 |    0 |  127 |      0 |      0 |    0 |          0 |
|             (grp_float_safe_softmax_Pipeline_softmax_loop_0_fu_104)              |                                          bd_0_hls_inst_0_activation_accelerator_float_safe_softmax_Pipeline_softmax_loop_0 |         34 |         34 |       0 |    0 |   77 |      0 |      0 |    0 |          0 |
|             fcmp_32ns_32ns_1_2_no_dsp_1_U258                                     |                                                         bd_0_hls_inst_0_activation_accelerator_fcmp_32ns_32ns_1_2_no_dsp_1 |         75 |         75 |       0 |    0 |   48 |      0 |      0 |    0 |          0 |
|               (fcmp_32ns_32ns_1_2_no_dsp_1_U258)                                 |                                                         bd_0_hls_inst_0_activation_accelerator_fcmp_32ns_32ns_1_2_no_dsp_1 |          8 |          8 |       0 |    0 |   48 |      0 |      0 |    0 |          0 |
|               activation_accelerator_fcmp_32ns_32ns_1_2_no_dsp_1_ip_u            |                                                      bd_0_hls_inst_0_activation_accelerator_fcmp_32ns_32ns_1_2_no_dsp_1_ip |         67 |         67 |       0 |    0 |    0 |      0 |      0 |    0 |          0 |
|             flow_control_loop_pipe_sequential_init_U                             |                                           bd_0_hls_inst_0_activation_accelerator_flow_control_loop_pipe_sequential_init_98 |         42 |         42 |       0 |    0 |    2 |      0 |      0 |    0 |          0 |
|           grp_float_safe_softmax_Pipeline_softmax_loop_1_fu_112                  |                                          bd_0_hls_inst_0_activation_accelerator_float_safe_softmax_Pipeline_softmax_loop_1 |        113 |        104 |       0 |    9 |  154 |      0 |      0 |    0 |          0 |
|             (grp_float_safe_softmax_Pipeline_softmax_loop_1_fu_112)              |                                          bd_0_hls_inst_0_activation_accelerator_float_safe_softmax_Pipeline_softmax_loop_1 |         91 |         82 |       0 |    9 |  152 |      0 |      0 |    0 |          0 |
|             flow_control_loop_pipe_sequential_init_U                             |                                           bd_0_hls_inst_0_activation_accelerator_flow_control_loop_pipe_sequential_init_97 |         22 |         22 |       0 |    0 |    2 |      0 |      0 |    0 |          0 |
|           grp_float_safe_softmax_Pipeline_softmax_loop_2_fu_121                  |                                          bd_0_hls_inst_0_activation_accelerator_float_safe_softmax_Pipeline_softmax_loop_2 |        109 |         97 |       0 |   12 |   41 |      0 |      0 |    0 |          0 |
|             (grp_float_safe_softmax_Pipeline_softmax_loop_2_fu_121)              |                                          bd_0_hls_inst_0_activation_accelerator_float_safe_softmax_Pipeline_softmax_loop_2 |         83 |         71 |       0 |   12 |   39 |      0 |      0 |    0 |          0 |
|             flow_control_loop_pipe_sequential_init_U                             |                                              bd_0_hls_inst_0_activation_accelerator_flow_control_loop_pipe_sequential_init |         26 |         26 |       0 |    0 |    2 |      0 |      0 |    0 |          0 |
|         p_ZZ22activation_acceleratorP7ap_uintILi512EES1_S1_iiE5tile0_10_U        | bd_0_hls_inst_0_activation_accelerator_activation_accelerator_ap_uint_ap_uint_512_ap_uint_512_int_int_tile0_9_RAM_2Pbkb_30 |          0 |          0 |       0 |    0 |    0 |      0 |      1 |    0 |          0 |
|         p_ZZ22activation_acceleratorP7ap_uintILi512EES1_S1_iiE5tile0_11_U        | bd_0_hls_inst_0_activation_accelerator_activation_accelerator_ap_uint_ap_uint_512_ap_uint_512_int_int_tile0_9_RAM_2Pbkb_31 |          0 |          0 |       0 |    0 |    0 |      0 |      1 |    0 |          0 |
|         p_ZZ22activation_acceleratorP7ap_uintILi512EES1_S1_iiE5tile0_12_U        | bd_0_hls_inst_0_activation_accelerator_activation_accelerator_ap_uint_ap_uint_512_ap_uint_512_int_int_tile0_9_RAM_2Pbkb_32 |          0 |          0 |       0 |    0 |    0 |      0 |      1 |    0 |          0 |
|         p_ZZ22activation_acceleratorP7ap_uintILi512EES1_S1_iiE5tile0_13_U        | bd_0_hls_inst_0_activation_accelerator_activation_accelerator_ap_uint_ap_uint_512_ap_uint_512_int_int_tile0_9_RAM_2Pbkb_33 |          0 |          0 |       0 |    0 |    0 |      0 |      1 |    0 |          0 |
|         p_ZZ22activation_acceleratorP7ap_uintILi512EES1_S1_iiE5tile0_14_U        | bd_0_hls_inst_0_activation_accelerator_activation_accelerator_ap_uint_ap_uint_512_ap_uint_512_int_int_tile0_9_RAM_2Pbkb_34 |          0 |          0 |       0 |    0 |    0 |      0 |      1 |    0 |          0 |
|         p_ZZ22activation_acceleratorP7ap_uintILi512EES1_S1_iiE5tile0_15_U        | bd_0_hls_inst_0_activation_accelerator_activation_accelerator_ap_uint_ap_uint_512_ap_uint_512_int_int_tile0_9_RAM_2Pbkb_35 |          0 |          0 |       0 |    0 |    0 |      0 |      1 |    0 |          0 |
|         p_ZZ22activation_acceleratorP7ap_uintILi512EES1_S1_iiE5tile0_16_U        | bd_0_hls_inst_0_activation_accelerator_activation_accelerator_ap_uint_ap_uint_512_ap_uint_512_int_int_tile0_9_RAM_2Pbkb_36 |          0 |          0 |       0 |    0 |    0 |      0 |      1 |    0 |          0 |
|         p_ZZ22activation_acceleratorP7ap_uintILi512EES1_S1_iiE5tile0_17_U        | bd_0_hls_inst_0_activation_accelerator_activation_accelerator_ap_uint_ap_uint_512_ap_uint_512_int_int_tile0_9_RAM_2Pbkb_37 |          0 |          0 |       0 |    0 |    0 |      0 |      1 |    0 |          0 |
|         p_ZZ22activation_acceleratorP7ap_uintILi512EES1_S1_iiE5tile0_18_U        | bd_0_hls_inst_0_activation_accelerator_activation_accelerator_ap_uint_ap_uint_512_ap_uint_512_int_int_tile0_9_RAM_2Pbkb_38 |          0 |          0 |       0 |    0 |    0 |      0 |      1 |    0 |          0 |
|         p_ZZ22activation_acceleratorP7ap_uintILi512EES1_S1_iiE5tile0_19_U        | bd_0_hls_inst_0_activation_accelerator_activation_accelerator_ap_uint_ap_uint_512_ap_uint_512_int_int_tile0_9_RAM_2Pbkb_39 |          0 |          0 |       0 |    0 |    0 |      0 |      1 |    0 |          0 |
|         p_ZZ22activation_acceleratorP7ap_uintILi512EES1_S1_iiE5tile0_20_U        | bd_0_hls_inst_0_activation_accelerator_activation_accelerator_ap_uint_ap_uint_512_ap_uint_512_int_int_tile0_9_RAM_2Pbkb_40 |          0 |          0 |       0 |    0 |    0 |      0 |      1 |    0 |          0 |
|         p_ZZ22activation_acceleratorP7ap_uintILi512EES1_S1_iiE5tile0_21_U        | bd_0_hls_inst_0_activation_accelerator_activation_accelerator_ap_uint_ap_uint_512_ap_uint_512_int_int_tile0_9_RAM_2Pbkb_41 |          0 |          0 |       0 |    0 |    0 |      0 |      1 |    0 |          0 |
|         p_ZZ22activation_acceleratorP7ap_uintILi512EES1_S1_iiE5tile0_22_U        | bd_0_hls_inst_0_activation_accelerator_activation_accelerator_ap_uint_ap_uint_512_ap_uint_512_int_int_tile0_9_RAM_2Pbkb_42 |          0 |          0 |       0 |    0 |    0 |      0 |      1 |    0 |          0 |
|         p_ZZ22activation_acceleratorP7ap_uintILi512EES1_S1_iiE5tile0_23_U        | bd_0_hls_inst_0_activation_accelerator_activation_accelerator_ap_uint_ap_uint_512_ap_uint_512_int_int_tile0_9_RAM_2Pbkb_43 |          0 |          0 |       0 |    0 |    0 |      0 |      1 |    0 |          0 |
|         p_ZZ22activation_acceleratorP7ap_uintILi512EES1_S1_iiE5tile0_24_U        | bd_0_hls_inst_0_activation_accelerator_activation_accelerator_ap_uint_ap_uint_512_ap_uint_512_int_int_tile0_9_RAM_2Pbkb_44 |          0 |          0 |       0 |    0 |    0 |      0 |      1 |    0 |          0 |
|         p_ZZ22activation_acceleratorP7ap_uintILi512EES1_S1_iiE5tile0_25_U        | bd_0_hls_inst_0_activation_accelerator_activation_accelerator_ap_uint_ap_uint_512_ap_uint_512_int_int_tile0_9_RAM_2Pbkb_45 |          0 |          0 |       0 |    0 |    0 |      0 |      1 |    0 |          0 |
|         p_ZZ22activation_acceleratorP7ap_uintILi512EES1_S1_iiE5tile0_26_U        | bd_0_hls_inst_0_activation_accelerator_activation_accelerator_ap_uint_ap_uint_512_ap_uint_512_int_int_tile0_9_RAM_2Pbkb_46 |          0 |          0 |       0 |    0 |    0 |      0 |      1 |    0 |          0 |
|         p_ZZ22activation_acceleratorP7ap_uintILi512EES1_S1_iiE5tile0_27_U        | bd_0_hls_inst_0_activation_accelerator_activation_accelerator_ap_uint_ap_uint_512_ap_uint_512_int_int_tile0_9_RAM_2Pbkb_47 |          0 |          0 |       0 |    0 |    0 |      0 |      1 |    0 |          0 |
|         p_ZZ22activation_acceleratorP7ap_uintILi512EES1_S1_iiE5tile0_28_U        | bd_0_hls_inst_0_activation_accelerator_activation_accelerator_ap_uint_ap_uint_512_ap_uint_512_int_int_tile0_9_RAM_2Pbkb_48 |          0 |          0 |       0 |    0 |    0 |      0 |      1 |    0 |          0 |
|         p_ZZ22activation_acceleratorP7ap_uintILi512EES1_S1_iiE5tile0_29_U        | bd_0_hls_inst_0_activation_accelerator_activation_accelerator_ap_uint_ap_uint_512_ap_uint_512_int_int_tile0_9_RAM_2Pbkb_49 |          0 |          0 |       0 |    0 |    0 |      0 |      1 |    0 |          0 |
|         p_ZZ22activation_acceleratorP7ap_uintILi512EES1_S1_iiE5tile0_30_U        | bd_0_hls_inst_0_activation_accelerator_activation_accelerator_ap_uint_ap_uint_512_ap_uint_512_int_int_tile0_9_RAM_2Pbkb_50 |          0 |          0 |       0 |    0 |    0 |      0 |      1 |    0 |          0 |
|         p_ZZ22activation_acceleratorP7ap_uintILi512EES1_S1_iiE5tile0_31_U        | bd_0_hls_inst_0_activation_accelerator_activation_accelerator_ap_uint_ap_uint_512_ap_uint_512_int_int_tile0_9_RAM_2Pbkb_51 |          0 |          0 |       0 |    0 |    0 |      0 |      1 |    0 |          0 |
|         p_ZZ22activation_acceleratorP7ap_uintILi512EES1_S1_iiE5tile1_10_U        | bd_0_hls_inst_0_activation_accelerator_activation_accelerator_ap_uint_ap_uint_512_ap_uint_512_int_int_tile0_9_RAM_2Pbkb_52 |          0 |          0 |       0 |    0 |    0 |      0 |      1 |    0 |          0 |
|         p_ZZ22activation_acceleratorP7ap_uintILi512EES1_S1_iiE5tile1_11_U        | bd_0_hls_inst_0_activation_accelerator_activation_accelerator_ap_uint_ap_uint_512_ap_uint_512_int_int_tile0_9_RAM_2Pbkb_53 |          0 |          0 |       0 |    0 |    0 |      0 |      1 |    0 |          0 |
|         p_ZZ22activation_acceleratorP7ap_uintILi512EES1_S1_iiE5tile1_12_U        | bd_0_hls_inst_0_activation_accelerator_activation_accelerator_ap_uint_ap_uint_512_ap_uint_512_int_int_tile0_9_RAM_2Pbkb_54 |          0 |          0 |       0 |    0 |    0 |      0 |      1 |    0 |          0 |
|         p_ZZ22activation_acceleratorP7ap_uintILi512EES1_S1_iiE5tile1_13_U        | bd_0_hls_inst_0_activation_accelerator_activation_accelerator_ap_uint_ap_uint_512_ap_uint_512_int_int_tile0_9_RAM_2Pbkb_55 |          0 |          0 |       0 |    0 |    0 |      0 |      1 |    0 |          0 |
|         p_ZZ22activation_acceleratorP7ap_uintILi512EES1_S1_iiE5tile1_14_U        | bd_0_hls_inst_0_activation_accelerator_activation_accelerator_ap_uint_ap_uint_512_ap_uint_512_int_int_tile0_9_RAM_2Pbkb_56 |          0 |          0 |       0 |    0 |    0 |      0 |      1 |    0 |          0 |
|         p_ZZ22activation_acceleratorP7ap_uintILi512EES1_S1_iiE5tile1_15_U        | bd_0_hls_inst_0_activation_accelerator_activation_accelerator_ap_uint_ap_uint_512_ap_uint_512_int_int_tile0_9_RAM_2Pbkb_57 |          0 |          0 |       0 |    0 |    0 |      0 |      1 |    0 |          0 |
|         p_ZZ22activation_acceleratorP7ap_uintILi512EES1_S1_iiE5tile1_16_U        | bd_0_hls_inst_0_activation_accelerator_activation_accelerator_ap_uint_ap_uint_512_ap_uint_512_int_int_tile0_9_RAM_2Pbkb_58 |          0 |          0 |       0 |    0 |    0 |      0 |      1 |    0 |          0 |
|         p_ZZ22activation_acceleratorP7ap_uintILi512EES1_S1_iiE5tile1_17_U        | bd_0_hls_inst_0_activation_accelerator_activation_accelerator_ap_uint_ap_uint_512_ap_uint_512_int_int_tile0_9_RAM_2Pbkb_59 |          0 |          0 |       0 |    0 |    0 |      0 |      1 |    0 |          0 |
|         p_ZZ22activation_acceleratorP7ap_uintILi512EES1_S1_iiE5tile1_18_U        | bd_0_hls_inst_0_activation_accelerator_activation_accelerator_ap_uint_ap_uint_512_ap_uint_512_int_int_tile0_9_RAM_2Pbkb_60 |          1 |          1 |       0 |    0 |    0 |      0 |      1 |    0 |          0 |
|         p_ZZ22activation_acceleratorP7ap_uintILi512EES1_S1_iiE5tile1_19_U        | bd_0_hls_inst_0_activation_accelerator_activation_accelerator_ap_uint_ap_uint_512_ap_uint_512_int_int_tile0_9_RAM_2Pbkb_61 |          0 |          0 |       0 |    0 |    0 |      0 |      1 |    0 |          0 |
|         p_ZZ22activation_acceleratorP7ap_uintILi512EES1_S1_iiE5tile1_20_U        | bd_0_hls_inst_0_activation_accelerator_activation_accelerator_ap_uint_ap_uint_512_ap_uint_512_int_int_tile0_9_RAM_2Pbkb_62 |          0 |          0 |       0 |    0 |    0 |      0 |      1 |    0 |          0 |
|         p_ZZ22activation_acceleratorP7ap_uintILi512EES1_S1_iiE5tile1_21_U        | bd_0_hls_inst_0_activation_accelerator_activation_accelerator_ap_uint_ap_uint_512_ap_uint_512_int_int_tile0_9_RAM_2Pbkb_63 |          0 |          0 |       0 |    0 |    0 |      0 |      1 |    0 |          0 |
|         p_ZZ22activation_acceleratorP7ap_uintILi512EES1_S1_iiE5tile1_22_U        | bd_0_hls_inst_0_activation_accelerator_activation_accelerator_ap_uint_ap_uint_512_ap_uint_512_int_int_tile0_9_RAM_2Pbkb_64 |          0 |          0 |       0 |    0 |    0 |      0 |      1 |    0 |          0 |
|         p_ZZ22activation_acceleratorP7ap_uintILi512EES1_S1_iiE5tile1_23_U        | bd_0_hls_inst_0_activation_accelerator_activation_accelerator_ap_uint_ap_uint_512_ap_uint_512_int_int_tile0_9_RAM_2Pbkb_65 |          0 |          0 |       0 |    0 |    0 |      0 |      1 |    0 |          0 |
|         p_ZZ22activation_acceleratorP7ap_uintILi512EES1_S1_iiE5tile1_24_U        | bd_0_hls_inst_0_activation_accelerator_activation_accelerator_ap_uint_ap_uint_512_ap_uint_512_int_int_tile0_9_RAM_2Pbkb_66 |          0 |          0 |       0 |    0 |    0 |      0 |      1 |    0 |          0 |
|         p_ZZ22activation_acceleratorP7ap_uintILi512EES1_S1_iiE5tile1_25_U        | bd_0_hls_inst_0_activation_accelerator_activation_accelerator_ap_uint_ap_uint_512_ap_uint_512_int_int_tile0_9_RAM_2Pbkb_67 |          0 |          0 |       0 |    0 |    0 |      0 |      1 |    0 |          0 |
|         p_ZZ22activation_acceleratorP7ap_uintILi512EES1_S1_iiE5tile1_26_U        | bd_0_hls_inst_0_activation_accelerator_activation_accelerator_ap_uint_ap_uint_512_ap_uint_512_int_int_tile0_9_RAM_2Pbkb_68 |          0 |          0 |       0 |    0 |    0 |      0 |      1 |    0 |          0 |
|         p_ZZ22activation_acceleratorP7ap_uintILi512EES1_S1_iiE5tile1_27_U        | bd_0_hls_inst_0_activation_accelerator_activation_accelerator_ap_uint_ap_uint_512_ap_uint_512_int_int_tile0_9_RAM_2Pbkb_69 |          0 |          0 |       0 |    0 |    0 |      0 |      1 |    0 |          0 |
|         p_ZZ22activation_acceleratorP7ap_uintILi512EES1_S1_iiE5tile1_28_U        | bd_0_hls_inst_0_activation_accelerator_activation_accelerator_ap_uint_ap_uint_512_ap_uint_512_int_int_tile0_9_RAM_2Pbkb_70 |          0 |          0 |       0 |    0 |    0 |      0 |      1 |    0 |          0 |
|         p_ZZ22activation_acceleratorP7ap_uintILi512EES1_S1_iiE5tile1_29_U        | bd_0_hls_inst_0_activation_accelerator_activation_accelerator_ap_uint_ap_uint_512_ap_uint_512_int_int_tile0_9_RAM_2Pbkb_71 |          0 |          0 |       0 |    0 |    0 |      0 |      1 |    0 |          0 |
|         p_ZZ22activation_acceleratorP7ap_uintILi512EES1_S1_iiE5tile1_30_U        | bd_0_hls_inst_0_activation_accelerator_activation_accelerator_ap_uint_ap_uint_512_ap_uint_512_int_int_tile0_9_RAM_2Pbkb_72 |          0 |          0 |       0 |    0 |    0 |      0 |      1 |    0 |          0 |
|         p_ZZ22activation_acceleratorP7ap_uintILi512EES1_S1_iiE5tile1_31_U        | bd_0_hls_inst_0_activation_accelerator_activation_accelerator_ap_uint_ap_uint_512_ap_uint_512_int_int_tile0_9_RAM_2Pbkb_73 |          0 |          0 |       0 |    0 |    0 |      0 |      1 |    0 |          0 |
|         p_ZZ22activation_acceleratorP7ap_uintILi512EES1_S1_iiE5tile2_10_U        | bd_0_hls_inst_0_activation_accelerator_activation_accelerator_ap_uint_ap_uint_512_ap_uint_512_int_int_tile0_9_RAM_2Pbkb_74 |          1 |          1 |       0 |    0 |    0 |      0 |      1 |    0 |          0 |
|         p_ZZ22activation_acceleratorP7ap_uintILi512EES1_S1_iiE5tile2_11_U        | bd_0_hls_inst_0_activation_accelerator_activation_accelerator_ap_uint_ap_uint_512_ap_uint_512_int_int_tile0_9_RAM_2Pbkb_75 |          1 |          1 |       0 |    0 |    0 |      0 |      1 |    0 |          0 |
|         p_ZZ22activation_acceleratorP7ap_uintILi512EES1_S1_iiE5tile2_12_U        | bd_0_hls_inst_0_activation_accelerator_activation_accelerator_ap_uint_ap_uint_512_ap_uint_512_int_int_tile0_9_RAM_2Pbkb_76 |          1 |          1 |       0 |    0 |    0 |      0 |      1 |    0 |          0 |
|         p_ZZ22activation_acceleratorP7ap_uintILi512EES1_S1_iiE5tile2_13_U        | bd_0_hls_inst_0_activation_accelerator_activation_accelerator_ap_uint_ap_uint_512_ap_uint_512_int_int_tile0_9_RAM_2Pbkb_77 |          1 |          1 |       0 |    0 |    0 |      0 |      1 |    0 |          0 |
|         p_ZZ22activation_acceleratorP7ap_uintILi512EES1_S1_iiE5tile2_14_U        | bd_0_hls_inst_0_activation_accelerator_activation_accelerator_ap_uint_ap_uint_512_ap_uint_512_int_int_tile0_9_RAM_2Pbkb_78 |          1 |          1 |       0 |    0 |    0 |      0 |      1 |    0 |          0 |
|         p_ZZ22activation_acceleratorP7ap_uintILi512EES1_S1_iiE5tile2_15_U        | bd_0_hls_inst_0_activation_accelerator_activation_accelerator_ap_uint_ap_uint_512_ap_uint_512_int_int_tile0_9_RAM_2Pbkb_79 |          1 |          1 |       0 |    0 |    0 |      0 |      1 |    0 |          0 |
|         p_ZZ22activation_acceleratorP7ap_uintILi512EES1_S1_iiE5tile2_16_U        | bd_0_hls_inst_0_activation_accelerator_activation_accelerator_ap_uint_ap_uint_512_ap_uint_512_int_int_tile0_9_RAM_2Pbkb_80 |          1 |          1 |       0 |    0 |    0 |      0 |      1 |    0 |          0 |
|         p_ZZ22activation_acceleratorP7ap_uintILi512EES1_S1_iiE5tile2_17_U        | bd_0_hls_inst_0_activation_accelerator_activation_accelerator_ap_uint_ap_uint_512_ap_uint_512_int_int_tile0_9_RAM_2Pbkb_81 |          1 |          1 |       0 |    0 |    0 |      0 |      1 |    0 |          0 |
|         p_ZZ22activation_acceleratorP7ap_uintILi512EES1_S1_iiE5tile2_18_U        | bd_0_hls_inst_0_activation_accelerator_activation_accelerator_ap_uint_ap_uint_512_ap_uint_512_int_int_tile0_9_RAM_2Pbkb_82 |          1 |          1 |       0 |    0 |    0 |      0 |      1 |    0 |          0 |
|         p_ZZ22activation_acceleratorP7ap_uintILi512EES1_S1_iiE5tile2_19_U        | bd_0_hls_inst_0_activation_accelerator_activation_accelerator_ap_uint_ap_uint_512_ap_uint_512_int_int_tile0_9_RAM_2Pbkb_83 |          1 |          1 |       0 |    0 |    0 |      0 |      1 |    0 |          0 |
|         p_ZZ22activation_acceleratorP7ap_uintILi512EES1_S1_iiE5tile2_20_U        | bd_0_hls_inst_0_activation_accelerator_activation_accelerator_ap_uint_ap_uint_512_ap_uint_512_int_int_tile0_9_RAM_2Pbkb_84 |          1 |          1 |       0 |    0 |    0 |      0 |      1 |    0 |          0 |
|         p_ZZ22activation_acceleratorP7ap_uintILi512EES1_S1_iiE5tile2_21_U        | bd_0_hls_inst_0_activation_accelerator_activation_accelerator_ap_uint_ap_uint_512_ap_uint_512_int_int_tile0_9_RAM_2Pbkb_85 |          1 |          1 |       0 |    0 |    0 |      0 |      1 |    0 |          0 |
|         p_ZZ22activation_acceleratorP7ap_uintILi512EES1_S1_iiE5tile2_22_U        | bd_0_hls_inst_0_activation_accelerator_activation_accelerator_ap_uint_ap_uint_512_ap_uint_512_int_int_tile0_9_RAM_2Pbkb_86 |          1 |          1 |       0 |    0 |    0 |      0 |      1 |    0 |          0 |
|         p_ZZ22activation_acceleratorP7ap_uintILi512EES1_S1_iiE5tile2_23_U        | bd_0_hls_inst_0_activation_accelerator_activation_accelerator_ap_uint_ap_uint_512_ap_uint_512_int_int_tile0_9_RAM_2Pbkb_87 |          1 |          1 |       0 |    0 |    0 |      0 |      1 |    0 |          0 |
|         p_ZZ22activation_acceleratorP7ap_uintILi512EES1_S1_iiE5tile2_24_U        | bd_0_hls_inst_0_activation_accelerator_activation_accelerator_ap_uint_ap_uint_512_ap_uint_512_int_int_tile0_9_RAM_2Pbkb_88 |          1 |          1 |       0 |    0 |    0 |      0 |      1 |    0 |          0 |
|         p_ZZ22activation_acceleratorP7ap_uintILi512EES1_S1_iiE5tile2_25_U        | bd_0_hls_inst_0_activation_accelerator_activation_accelerator_ap_uint_ap_uint_512_ap_uint_512_int_int_tile0_9_RAM_2Pbkb_89 |          1 |          1 |       0 |    0 |    0 |      0 |      1 |    0 |          0 |
|         p_ZZ22activation_acceleratorP7ap_uintILi512EES1_S1_iiE5tile2_26_U        | bd_0_hls_inst_0_activation_accelerator_activation_accelerator_ap_uint_ap_uint_512_ap_uint_512_int_int_tile0_9_RAM_2Pbkb_90 |          1 |          1 |       0 |    0 |    0 |      0 |      1 |    0 |          0 |
|         p_ZZ22activation_acceleratorP7ap_uintILi512EES1_S1_iiE5tile2_27_U        | bd_0_hls_inst_0_activation_accelerator_activation_accelerator_ap_uint_ap_uint_512_ap_uint_512_int_int_tile0_9_RAM_2Pbkb_91 |          1 |          1 |       0 |    0 |    0 |      0 |      1 |    0 |          0 |
|         p_ZZ22activation_acceleratorP7ap_uintILi512EES1_S1_iiE5tile2_28_U        | bd_0_hls_inst_0_activation_accelerator_activation_accelerator_ap_uint_ap_uint_512_ap_uint_512_int_int_tile0_9_RAM_2Pbkb_92 |          1 |          1 |       0 |    0 |    0 |      0 |      1 |    0 |          0 |
|         p_ZZ22activation_acceleratorP7ap_uintILi512EES1_S1_iiE5tile2_29_U        | bd_0_hls_inst_0_activation_accelerator_activation_accelerator_ap_uint_ap_uint_512_ap_uint_512_int_int_tile0_9_RAM_2Pbkb_93 |          1 |          1 |       0 |    0 |    0 |      0 |      1 |    0 |          0 |
|         p_ZZ22activation_acceleratorP7ap_uintILi512EES1_S1_iiE5tile2_30_U        | bd_0_hls_inst_0_activation_accelerator_activation_accelerator_ap_uint_ap_uint_512_ap_uint_512_int_int_tile0_9_RAM_2Pbkb_94 |          1 |          1 |       0 |    0 |    0 |      0 |      1 |    0 |          0 |
|         p_ZZ22activation_acceleratorP7ap_uintILi512EES1_S1_iiE5tile2_31_U        | bd_0_hls_inst_0_activation_accelerator_activation_accelerator_ap_uint_ap_uint_512_ap_uint_512_int_int_tile0_9_RAM_2Pbkb_95 |          8 |          8 |       0 |    0 |    0 |      0 |      1 |    0 |          0 |
|         xt_U                                                                     |                                                                bd_0_hls_inst_0_activation_accelerator_xt_RAM_S2P_BRAM_1R1W |          9 |          9 |       0 |    0 |    0 |      0 |      1 |    0 |          0 |
|         yt_U                                                                     |                                                             bd_0_hls_inst_0_activation_accelerator_xt_RAM_S2P_BRAM_1R1W_96 |         13 |         13 |       0 |    0 |    0 |      0 |      1 |    0 |          0 |
+----------------------------------------------------------------------------------+----------------------------------------------------------------------------------------------------------------------------+------------+------------+---------+------+------+--------+--------+------+------------+
* Note: The sum of lower-level cells may be larger than their parent cells total, due to cross-hierarchy LUT combining


